Using pre-set license

 COMMAND LINE ARGUMENTS:
/Applications/Unity/2020.3.2f1/Unity.app/Contents/MacOS/Unity
-adb2
-batchMode
-noUpm
-name
AssetImportWorker0
-projectPath
/Users/xandergusarov/Downloads/DerDieDasApp
-logFile
Logs/AssetImportWorker0.log
-srvPort
53860
Successfully changed project path to: /Users/xandergusarov/Downloads/DerDieDasApp
/Users/xandergusarov/Downloads/DerDieDasApp
Using Asset Import Pipeline V2.
Refreshing native plugins compatible for Editor in 58.02 ms, found 2 plugins.
Preloading 0 native plugins for Editor in 0.00 ms.
Initialize engine version: 2020.3.2f1 (8fd9074bf66c)
[Subsystems] Discovering subsystems at path /Applications/Unity/2020.3.2f1/Unity.app/Contents/Resources/UnitySubsystems
[Subsystems] Discovering subsystems at path /Users/xandergusarov/Downloads/DerDieDasApp/Assets
GfxDevice: creating device client; threaded=0
2021-09-20 04:56:43.674 Unity[56361:2268257] (null) preferred device: Apple M1 (high power)
2021-09-20 04:56:43.674 Unity[56361:2268257] Metal devices available: 1
2021-09-20 04:56:43.675 Unity[56361:2268257] 0: Apple M1 (high power)
2021-09-20 04:56:43.675 Unity[56361:2268257] Forcing user selected device: Apple M1 (high power)
Initializing Metal device caps: Apple M1
Initialize mono
Mono path[0] = '/Applications/Unity/2020.3.2f1/Unity.app/Contents/Managed'
Mono path[1] = '/Applications/Unity/2020.3.2f1/Unity.app/Contents/MonoBleedingEdge/lib/mono/unityjit'
Mono config path = '/Applications/Unity/2020.3.2f1/Unity.app/Contents/MonoBleedingEdge/etc'
Using monoOptions --debugger-agent=transport=dt_socket,embedding=1,server=y,suspend=n,address=127.0.0.1:56361
Begin MonoManager ReloadAssembly
Registering precompiled unity dll's ...
Register platform support module: /Applications/Unity/2020.3.2f1/PlaybackEngines/WebGLSupport/UnityEditor.WebGL.Extensions.dll
Register platform support module: /Applications/Unity/2020.3.2f1/Unity.app/Contents/PlaybackEngines/MacStandaloneSupport/UnityEditor.OSXStandalone.Extensions.dll
Register platform support module: /Applications/Unity/2020.3.2f1/PlaybackEngines/WindowsStandaloneSupport/UnityEditor.WindowsStandalone.Extensions.dll
Registered in 0.000600 seconds.
Native extension for WindowsStandalone target not found
Native extension for OSXStandalone target not found
Native extension for WebGL target not found
Refreshing native plugins compatible for Editor in 35.10 ms, found 2 plugins.
Preloading 0 native plugins for Editor in 0.00 ms.
Invoked RoslynAnalysisRunner static constructor.
RoslynAnalysisRunner will not be running.
RoslynAnalysisRunner has terminated.
Mono: successfully reloaded assembly
- Completed reload, in  3.310 seconds
Platform modules already initialized, skipping
Registering precompiled user dll's ...
Registered in 0.000418 seconds.
Begin MonoManager ReloadAssembly
Error: Could not load signature of AdsLoader+<>c:<Awake>b__2_0 due to: Could not load file or assembly 'GoogleMobileAds, Version=0.0.0.0, Culture=neutral, PublicKeyToken=null' or one of its dependencies. assembly:GoogleMobileAds, Version=0.0.0.0, Culture=neutral, PublicKeyToken=null type:<unknown type> member:(null) signature:<none>

Unloading broken assembly Library/ScriptAssemblies/Assembly-CSharp.dll, this assembly can cause crashes in the runtime

Native extension for WindowsStandalone target not found
Native extension for OSXStandalone target not found
Native extension for WebGL target not found
Refreshing native plugins compatible for Editor in 33.40 ms, found 2 plugins.
Preloading 0 native plugins for Editor in 0.00 ms.
Invoked RoslynAnalysisRunner static constructor.
RoslynAnalysisRunner will not be running.
RoslynAnalysisRunner has terminated.
Mono: successfully reloaded assembly
- Completed reload, in  1.730 seconds
Platform modules already initialized, skipping
========================================================================
Worker process is ready to serve import requests
Launching external process: /Applications/Unity/2020.3.2f1/Unity.app/Contents/Tools/UnityShaderCompiler
Launched and connected shader compiler UnityShaderCompiler after 0.03 seconds
Refreshing native plugins compatible for Editor in 0.31 ms, found 2 plugins.
Preloading 0 native plugins for Editor in 0.00 ms.
Unloading 1829 Unused Serialized files (Serialized files now loaded: 0)
System memory in use before: 151.6 MB.
System memory in use after: 151.6 MB.

Unloading 26 unused Assets to reduce memory usage. Loaded Objects now: 2269.
Total: 1.491417 ms (FindLiveObjects: 0.148584 ms CreateObjectMapping: 0.036750 ms MarkObjects: 1.194500 ms  DeleteObjects: 0.110875 ms)

========================================================================
Received Import Request.
  path: Assets/AdsLoader.cs
  artifactKey: Guid(c5bc0f29088a3475dae9474bb33aa3c6) Importer(815301076,1909f56bfc062723c751e8b465ee728b)
Start importing Assets/AdsLoader.cs using Guid(c5bc0f29088a3475dae9474bb33aa3c6) Importer(815301076,1909f56bfc062723c751e8b465ee728b)  -> (artifact id: 'e651540b8b53f248994afe2f8f652b4b') in 0.479455 seconds
  Import took 0.482776 seconds .

